// Jest Snapshot v1, https://goo.gl/fbAQLP

exports[`Home renders a heading 1`] = `
<div>
  <div>
    <div
      class="w-full pt-20"
    >
      <div
        class="flex items-center justify-center w-full px-[5%]"
      >
        <div
          class="w-[1200px] mb-10"
        >
          <div
            class="w-full "
          >
            <h1
              class="md:text-5xl text-[30px] leading-tight"
            >
              대학생 전문 상담 멘토링,
            </h1>
            <h1
              class="md:text-5xl text-[30px] leading-tight font-bold"
            >
              품앗이
            </h1>
            <a
              class="inline-block mt-[10px] text-base italic hover:text-white hover:bg-black transition duration-500 ease-in-out"
              href="https://poomasi.me/"
            >
              https://poomasi.me/
            </a>
          </div>
        </div>
      </div>
      <div
        class="flex items-center justify-center w-full px-[5%]"
      >
        <div
          class="w-[1200px] mb-10"
        >
          <div
            class="w-full"
          >
            <div
              class="h-1 w-[30px] bg-[black] mt-[7px] mb-4"
            />
            <div
              class="text-[25px] md:text-3xl mb-[13px]"
            >
              소개
            </div>
            <div
              class="leading-[1.6] text-[15px] md:text-lg"
            >
              품앗이에는 다양한 직군의 현업 개발자들이 있습니다. 
              <br />
              저희는 삼인행필유아사(三人行必有我師)를 바탕으로, 
              <br />
              누구에게나 배울점이 있다는 믿음하에 저희가 가진 경험을 
              <br />
              서로 전파하고 멘토링을 진행하고 있습니다. 
              <br />
              각 분야의 품앗이꾼들에게 도움을 받아보세요 :) 
              <br />
              <br />
               👉 이용 방법 : 로그인 후 도움받고 싶은 품앗이꾼에게 질문 작성
            </div>
            <div
              class="flex-col md:flex-row text-[28px] md:text-4xl text-gray-500 mt-[50px] flex justify-center items-center"
            >
              <div>
                현재,
                 
                <span
                  class="font-bold text-[#6cb11a]"
                >
                  0
                </span>
                 
                명과
                 
                <span
                  class="font-bold text-[#6cb11a]"
                >
                  0
                </span>
                 
                번의
              </div>
              <div
                class="ml-2"
              >
                품을 나누었어요. 🌱
              </div>
            </div>
          </div>
        </div>
      </div>
      <div
        class="flex items-center justify-center w-full px-[5%]"
      >
        <div
          class="w-[1200px] mb-10"
        >
          <div
            class="w-full"
          >
            <div
              class="h-1 w-[30px] bg-[black] mt-[7px] mb-4"
            />
            <div
              class="text-[25px] md:text-3xl mb-[13px]"
            >
              품앗이꾼
            </div>
            <div
              class="flex flex-wrap"
            >
              <button
                class="MuiButtonBase-root MuiButton-root MuiButton-contained MuiButton-containedPrimary MuiButton-sizeMedium MuiButton-containedSizeMedium MuiButton-colorPrimary MuiButton-root MuiButton-contained MuiButton-containedPrimary MuiButton-sizeMedium MuiButton-containedSizeMedium MuiButton-colorPrimary bg-[var(--light-gray-color)] css-be65fr-MuiButtonBase-root-MuiButton-root"
                tabindex="0"
                type="button"
              >
                #
                전체
                <span
                  class="MuiTouchRipple-root css-8je8zh-MuiTouchRipple-root"
                />
              </button>
              <button
                class="MuiButtonBase-root MuiButton-root MuiButton-contained MuiButton-containedPrimary MuiButton-sizeMedium MuiButton-containedSizeMedium MuiButton-colorPrimary MuiButton-root MuiButton-contained MuiButton-containedPrimary MuiButton-sizeMedium MuiButton-containedSizeMedium MuiButton-colorPrimary bg-[var(--light-gray-color)] css-be65fr-MuiButtonBase-root-MuiButton-root"
                tabindex="0"
                type="button"
              >
                #
                Web Frontend
                <span
                  class="MuiTouchRipple-root css-8je8zh-MuiTouchRipple-root"
                />
              </button>
              <button
                class="MuiButtonBase-root MuiButton-root MuiButton-contained MuiButton-containedPrimary MuiButton-sizeMedium MuiButton-containedSizeMedium MuiButton-colorPrimary MuiButton-root MuiButton-contained MuiButton-containedPrimary MuiButton-sizeMedium MuiButton-containedSizeMedium MuiButton-colorPrimary bg-[var(--light-gray-color)] css-be65fr-MuiButtonBase-root-MuiButton-root"
                tabindex="0"
                type="button"
              >
                #
                Backend
                <span
                  class="MuiTouchRipple-root css-8je8zh-MuiTouchRipple-root"
                />
              </button>
              <button
                class="MuiButtonBase-root MuiButton-root MuiButton-contained MuiButton-containedPrimary MuiButton-sizeMedium MuiButton-containedSizeMedium MuiButton-colorPrimary MuiButton-root MuiButton-contained MuiButton-containedPrimary MuiButton-sizeMedium MuiButton-containedSizeMedium MuiButton-colorPrimary bg-[var(--light-gray-color)] css-be65fr-MuiButtonBase-root-MuiButton-root"
                tabindex="0"
                type="button"
              >
                #
                Fullstack
                <span
                  class="MuiTouchRipple-root css-8je8zh-MuiTouchRipple-root"
                />
              </button>
              <button
                class="MuiButtonBase-root MuiButton-root MuiButton-contained MuiButton-containedPrimary MuiButton-sizeMedium MuiButton-containedSizeMedium MuiButton-colorPrimary MuiButton-root MuiButton-contained MuiButton-containedPrimary MuiButton-sizeMedium MuiButton-containedSizeMedium MuiButton-colorPrimary bg-[var(--light-gray-color)] css-be65fr-MuiButtonBase-root-MuiButton-root"
                tabindex="0"
                type="button"
              >
                #
                Android
                <span
                  class="MuiTouchRipple-root css-8je8zh-MuiTouchRipple-root"
                />
              </button>
              <button
                class="MuiButtonBase-root MuiButton-root MuiButton-contained MuiButton-containedPrimary MuiButton-sizeMedium MuiButton-containedSizeMedium MuiButton-colorPrimary MuiButton-root MuiButton-contained MuiButton-containedPrimary MuiButton-sizeMedium MuiButton-containedSizeMedium MuiButton-colorPrimary bg-[var(--light-gray-color)] css-be65fr-MuiButtonBase-root-MuiButton-root"
                tabindex="0"
                type="button"
              >
                #
                iOS
                <span
                  class="MuiTouchRipple-root css-8je8zh-MuiTouchRipple-root"
                />
              </button>
              <button
                class="MuiButtonBase-root MuiButton-root MuiButton-contained MuiButton-containedPrimary MuiButton-sizeMedium MuiButton-containedSizeMedium MuiButton-colorPrimary MuiButton-root MuiButton-contained MuiButton-containedPrimary MuiButton-sizeMedium MuiButton-containedSizeMedium MuiButton-colorPrimary bg-[var(--light-gray-color)] css-be65fr-MuiButtonBase-root-MuiButton-root"
                tabindex="0"
                type="button"
              >
                #
                Data
                <span
                  class="MuiTouchRipple-root css-8je8zh-MuiTouchRipple-root"
                />
              </button>
            </div>
            <div
              class="flex"
            >
              <div
                class="flex flex-wrap  "
              />
            </div>
          </div>
        </div>
      </div>
      <div
        class="flex items-center justify-center w-full px-[5%]"
      >
        <div
          class="w-[1200px] mb-10"
        >
          <div
            class="w-full"
          >
            <div
              class="h-1 w-[30px] bg-[black] mt-[7px] mb-4"
            />
            <div
              class="text-[25px] md:text-3xl mb-[13px]"
            >
              세부 안내
            </div>
            <div
              class="leading-relaxed text-lg"
            >
              품삯은 따로 받고 있지 않으나, 
              <br />
              타인에게 피해를 입힐 수 있는 과도한 질문은 자제해 주세요. 
              <br />
              가능한 빠르게 답변하려 노력하고 있으나, 
              <br />
              품앗이꾼별 스케줄 이슈로 답변이 늦어질 수도 있다는 점 양해 부탁드립니다. 
              <br />
              기타 문의 :
               
              <a
                class="hover:text-white hover:bg-black transition duration-500 ease"
                href="mailto://poomasiofficial@gmail.com"
              >
                poomasiofficial@gmail.com
              </a>
            </div>
          </div>
        </div>
      </div>
    </div>
  </div>
</div>
`;
